Archive member included to satisfy reference by file (symbol)

c:/ac6/systemworkbench/plugins/fr.ac6.mcu.externaltools.arm-none.win32_1.13.3.201707031232/tools/compiler/bin/../lib/gcc/arm-none-eabi/5.4.1/../../../../arm-none-eabi/lib/armv7e-m/fpu\libc.a(lib_a-errno.o)
                              src/syscalls.o (__errno)
c:/ac6/systemworkbench/plugins/fr.ac6.mcu.externaltools.arm-none.win32_1.13.3.201707031232/tools/compiler/bin/../lib/gcc/arm-none-eabi/5.4.1/../../../../arm-none-eabi/lib/armv7e-m/fpu\libc.a(lib_a-exit.o)
                              c:/ac6/systemworkbench/plugins/fr.ac6.mcu.externaltools.arm-none.win32_1.13.3.201707031232/tools/compiler/bin/../lib/gcc/arm-none-eabi/5.4.1/../../../../arm-none-eabi/lib/armv7e-m/fpu/crt0.o (exit)
c:/ac6/systemworkbench/plugins/fr.ac6.mcu.externaltools.arm-none.win32_1.13.3.201707031232/tools/compiler/bin/../lib/gcc/arm-none-eabi/5.4.1/../../../../arm-none-eabi/lib/armv7e-m/fpu\libc.a(lib_a-impure.o)
                              c:/ac6/systemworkbench/plugins/fr.ac6.mcu.externaltools.arm-none.win32_1.13.3.201707031232/tools/compiler/bin/../lib/gcc/arm-none-eabi/5.4.1/../../../../arm-none-eabi/lib/armv7e-m/fpu\libc.a(lib_a-exit.o) (_global_impure_ptr)
c:/ac6/systemworkbench/plugins/fr.ac6.mcu.externaltools.arm-none.win32_1.13.3.201707031232/tools/compiler/bin/../lib/gcc/arm-none-eabi/5.4.1/../../../../arm-none-eabi/lib/armv7e-m/fpu\libc.a(lib_a-init.o)
                              c:/ac6/systemworkbench/plugins/fr.ac6.mcu.externaltools.arm-none.win32_1.13.3.201707031232/tools/compiler/bin/../lib/gcc/arm-none-eabi/5.4.1/../../../../arm-none-eabi/lib/armv7e-m/fpu/crt0.o (__libc_init_array)
c:/ac6/systemworkbench/plugins/fr.ac6.mcu.externaltools.arm-none.win32_1.13.3.201707031232/tools/compiler/bin/../lib/gcc/arm-none-eabi/5.4.1/../../../../arm-none-eabi/lib/armv7e-m/fpu\libc.a(lib_a-memset.o)
                              c:/ac6/systemworkbench/plugins/fr.ac6.mcu.externaltools.arm-none.win32_1.13.3.201707031232/tools/compiler/bin/../lib/gcc/arm-none-eabi/5.4.1/../../../../arm-none-eabi/lib/armv7e-m/fpu/crt0.o (memset)
c:/ac6/systemworkbench/plugins/fr.ac6.mcu.externaltools.arm-none.win32_1.13.3.201707031232/tools/compiler/bin/../lib/gcc/arm-none-eabi/5.4.1/../../../../arm-none-eabi/lib/armv7e-m/fpu\libc.a(lib_a-__call_atexit.o)
                              c:/ac6/systemworkbench/plugins/fr.ac6.mcu.externaltools.arm-none.win32_1.13.3.201707031232/tools/compiler/bin/../lib/gcc/arm-none-eabi/5.4.1/../../../../arm-none-eabi/lib/armv7e-m/fpu\libc.a(lib_a-exit.o) (__call_exitprocs)
c:/ac6/systemworkbench/plugins/fr.ac6.mcu.externaltools.arm-none.win32_1.13.3.201707031232/tools/compiler/bin/../lib/gcc/arm-none-eabi/5.4.1/../../../../arm-none-eabi/lib/armv7e-m/fpu\libc.a(lib_a-atexit.o)
                              c:/ac6/systemworkbench/plugins/fr.ac6.mcu.externaltools.arm-none.win32_1.13.3.201707031232/tools/compiler/bin/../lib/gcc/arm-none-eabi/5.4.1/../../../../arm-none-eabi/lib/armv7e-m/fpu\libc.a(lib_a-__call_atexit.o) (atexit)
c:/ac6/systemworkbench/plugins/fr.ac6.mcu.externaltools.arm-none.win32_1.13.3.201707031232/tools/compiler/bin/../lib/gcc/arm-none-eabi/5.4.1/../../../../arm-none-eabi/lib/armv7e-m/fpu\libc.a(lib_a-fini.o)
                              c:/ac6/systemworkbench/plugins/fr.ac6.mcu.externaltools.arm-none.win32_1.13.3.201707031232/tools/compiler/bin/../lib/gcc/arm-none-eabi/5.4.1/../../../../arm-none-eabi/lib/armv7e-m/fpu\libc.a(lib_a-__call_atexit.o) (__libc_fini_array)
c:/ac6/systemworkbench/plugins/fr.ac6.mcu.externaltools.arm-none.win32_1.13.3.201707031232/tools/compiler/bin/../lib/gcc/arm-none-eabi/5.4.1/../../../../arm-none-eabi/lib/armv7e-m/fpu\libc.a(lib_a-__atexit.o)
                              c:/ac6/systemworkbench/plugins/fr.ac6.mcu.externaltools.arm-none.win32_1.13.3.201707031232/tools/compiler/bin/../lib/gcc/arm-none-eabi/5.4.1/../../../../arm-none-eabi/lib/armv7e-m/fpu\libc.a(lib_a-atexit.o) (__register_exitproc)

Allocating common symbols
Common symbol       size              file

LCD_CacheBuffer_yptr_bottom_bak
                    0x2               Utilities/Common/lcd_log.o
LCD_CacheBuffer_yptr_top_bak
                    0x2               Utilities/Common/lcd_log.o
sEEDMA_InitStructure
                    0x3c              Utilities/STM32F429I-Discovery/stm32f429i_discovery.o
ILI9341_x           0x2               src/lcd_ili9341.o
LCD_CacheBuffer_yptr_bottom
                    0x2               Utilities/Common/lcd_log.o
LCD_CacheBuffer_xptr
                    0x2               Utilities/Common/lcd_log.o
LCD_CacheBuffer_yptr_invert
                    0x1               Utilities/Common/lcd_log.o
LCD_Lock            0x1               Utilities/Common/lcd_log.o
ILI9341_Opts        0x6               src/lcd_ili9341.o
LCD_Scrolled        0x1               Utilities/Common/lcd_log.o
LCD_CacheBuffer_yptr_top
                    0x2               Utilities/Common/lcd_log.o
[...]
Memory Configuration

Name             Origin             Length             Attributes
FLASH            0x08000000         0x00200000         xr
RAM              0x20000000         0x00030000         xrw
CCMRAM           0x10000000         0x00010000         rw
*default*        0x00000000         0xffffffff

Linker script and memory map

LOAD c:/ac6/systemworkbench/plugins/fr.ac6.mcu.externaltools.arm-none.win32_1.13.3.201707031232/tools/compiler/bin/../lib/gcc/arm-none-eabi/5.4.1/armv7e-m/fpu/crti.o
LOAD c:/ac6/systemworkbench/plugins/fr.ac6.mcu.externaltools.arm-none.win32_1.13.3.201707031232/tools/compiler/bin/../lib/gcc/arm-none-eabi/5.4.1/armv7e-m/fpu/crtbegin.o
LOAD c:/ac6/systemworkbench/plugins/fr.ac6.mcu.externaltools.arm-none.win32_1.13.3.201707031232/tools/compiler/bin/../lib/gcc/arm-none-eabi/5.4.1/../../../../arm-none-eabi/lib/armv7e-m/fpu/crt0.o
LOAD StdPeriph_Driver/src/misc.o
LOAD StdPeriph_Driver/src/stm32f4xx_adc.o
LOAD StdPeriph_Driver/src/stm32f4xx_can.o
LOAD StdPeriph_Driver/src/stm32f4xx_crc.o
LOAD StdPeriph_Driver/src/stm32f4xx_cryp.o
LOAD StdPeriph_Driver/src/stm32f4xx_cryp_aes.o
LOAD StdPeriph_Driver/src/stm32f4xx_cryp_des.o
LOAD StdPeriph_Driver/src/stm32f4xx_cryp_tdes.o
LOAD StdPeriph_Driver/src/stm32f4xx_dac.o
LOAD StdPeriph_Driver/src/stm32f4xx_dbgmcu.o
LOAD StdPeriph_Driver/src/stm32f4xx_dcmi.o
LOAD StdPeriph_Driver/src/stm32f4xx_dma.o
LOAD StdPeriph_Driver/src/stm32f4xx_dma2d.o
LOAD StdPeriph_Driver/src/stm32f4xx_exti.o
LOAD StdPeriph_Driver/src/stm32f4xx_flash.o
LOAD StdPeriph_Driver/src/stm32f4xx_fmc.o
LOAD StdPeriph_Driver/src/stm32f4xx_gpio.o
LOAD StdPeriph_Driver/src/stm32f4xx_hash.o
LOAD StdPeriph_Driver/src/stm32f4xx_hash_md5.o
LOAD StdPeriph_Driver/src/stm32f4xx_hash_sha1.o
LOAD StdPeriph_Driver/src/stm32f4xx_i2c.o
LOAD StdPeriph_Driver/src/stm32f4xx_iwdg.o
LOAD StdPeriph_Driver/src/stm32f4xx_ltdc.o
LOAD StdPeriph_Driver/src/stm32f4xx_pwr.o
LOAD StdPeriph_Driver/src/stm32f4xx_rcc.o
LOAD StdPeriph_Driver/src/stm32f4xx_rng.o
LOAD StdPeriph_Driver/src/stm32f4xx_rtc.o
LOAD StdPeriph_Driver/src/stm32f4xx_sai.o
LOAD StdPeriph_Driver/src/stm32f4xx_sdio.o
LOAD StdPeriph_Driver/src/stm32f4xx_spi.o
LOAD StdPeriph_Driver/src/stm32f4xx_syscfg.o
LOAD StdPeriph_Driver/src/stm32f4xx_tim.o
LOAD StdPeriph_Driver/src/stm32f4xx_usart.o
LOAD StdPeriph_Driver/src/stm32f4xx_wwdg.o
LOAD Utilities/Common/fonts.o
LOAD Utilities/Common/lcd_log.o
LOAD Utilities/STM32F429I-Discovery/stm32f429i_discovery.o
LOAD Utilities/STM32F429I-Discovery/stm32f429i_discovery_ioe.o
LOAD Utilities/STM32F429I-Discovery/stm32f429i_discovery_l3gd20.o
LOAD Utilities/STM32F429I-Discovery/stm32f429i_discovery_lcd.o
LOAD Utilities/STM32F429I-Discovery/stm32f429i_discovery_sdram.o
LOAD src/OV7670_control.o
LOAD src/lcd_fonts.o
LOAD src/lcd_ili9341.o
LOAD src/lcd_spi.o
LOAD src/main.o
LOAD src/syscalls.o
LOAD src/system_control.o
LOAD src/system_stm32f4xx.o
LOAD startup/startup_stm32f429_439xx.o
LOAD c:/ac6/systemworkbench/plugins/fr.ac6.mcu.externaltools.arm-none.win32_1.13.3.201707031232/tools/compiler/bin/../lib/gcc/arm-none-eabi/5.4.1/../../../../arm-none-eabi/lib/armv7e-m/fpu\libstdc++.a
LOAD c:/ac6/systemworkbench/plugins/fr.ac6.mcu.externaltools.arm-none.win32_1.13.3.201707031232/tools/compiler/bin/../lib/gcc/arm-none-eabi/5.4.1/../../../../arm-none-eabi/lib/armv7e-m/fpu\libm.a
START GROUP
LOAD c:/ac6/systemworkbench/plugins/fr.ac6.mcu.externaltools.arm-none.win32_1.13.3.201707031232/tools/compiler/bin/../lib/gcc/arm-none-eabi/5.4.1/armv7e-m/fpu\libgcc.a
LOAD c:/ac6/systemworkbench/plugins/fr.ac6.mcu.externaltools.arm-none.win32_1.13.3.201707031232/tools/compiler/bin/../lib/gcc/arm-none-eabi/5.4.1/../../../../arm-none-eabi/lib/armv7e-m/fpu\libc.a
END GROUP
LOAD c:/ac6/systemworkbench/plugins/fr.ac6.mcu.externaltools.arm-none.win32_1.13.3.201707031232/tools/compiler/bin/../lib/gcc/arm-none-eabi/5.4.1/armv7e-m/fpu/crtend.o
LOAD c:/ac6/systemworkbench/plugins/fr.ac6.mcu.externaltools.arm-none.win32_1.13.3.201707031232/tools/compiler/bin/../lib/gcc/arm-none-eabi/5.4.1/armv7e-m/fpu/crtn.o
                0x20030000                _estack = 0x20030000
                0x00000200                _Min_Heap_Size = 0x200
                0x00000400                _Min_Stack_Size = 0x400

.isr_vector     0x08000000      0x1ac
                0x08000000                . = ALIGN (0x4)
 *(.isr_vector)
 .isr_vector    0x08000000      0x1ac startup/startup_stm32f429_439xx.o
                0x08000000                g_pfnVectors
                0x080001ac                . = ALIGN (0x4)

.text           0x080001ac     0x2c04
                0x080001ac                . = ALIGN (0x4)
 *(.text)
 .text          0x080001ac       0x5c c:/ac6/systemworkbench/plugins/fr.ac6.mcu.externaltools.arm-none.win32_1.13.3.201707031232/tools/compiler/bin/../lib/gcc/arm-none-eabi/5.4.1/armv7e-m/fpu/crtbegin.o
 *(.text*)
 .text.NVIC_Init
                0x08000208       0xc4 StdPeriph_Driver/src/misc.o
                0x08000208                NVIC_Init
 .text.DCMI_DeInit
                0x080002cc       0x3c StdPeriph_Driver/src/stm32f4xx_dcmi.o
                0x080002cc                DCMI_DeInit
 .text.DCMI_Init
                0x08000308       0x80 StdPeriph_Driver/src/stm32f4xx_dcmi.o
                0x08000308                DCMI_Init
 .text.DCMI_Cmd
                0x08000388       0x3c StdPeriph_Driver/src/stm32f4xx_dcmi.o
                0x08000388                DCMI_Cmd
 .text.DCMI_CaptureCmd
                0x080003c4       0x3c StdPeriph_Driver/src/stm32f4xx_dcmi.o
                0x080003c4                DCMI_CaptureCmd
 .text.DMA_DeInit
                0x08000400      0x1a8 StdPeriph_Driver/src/stm32f4xx_dma.o
                0x08000400                DMA_DeInit
 .text.DMA_Init
                0x080005a8       0xb0 StdPeriph_Driver/src/stm32f4xx_dma.o
                0x080005a8                DMA_Init
 .text.DMA_Cmd  0x08000658       0x38 StdPeriph_Driver/src/stm32f4xx_dma.o
                0x08000658                DMA_Cmd
 .text.DMA_ITConfig
                0x08000690       0x74 StdPeriph_Driver/src/stm32f4xx_dma.o
                0x08000690                DMA_ITConfig
 .text.DMA_GetITStatus
                0x08000704       0xb0 StdPeriph_Driver/src/stm32f4xx_dma.o
                0x08000704                DMA_GetITStatus
 .text.DMA_ClearITPendingBit
                0x080007b4       0x5c StdPeriph_Driver/src/stm32f4xx_dma.o
                0x080007b4                DMA_ClearITPendingBit
 .text.GPIO_Init
                0x08000810      0x11c StdPeriph_Driver/src/stm32f4xx_gpio.o
                0x08000810                GPIO_Init
 .text.GPIO_ReadInputDataBit
                0x0800092c       0x34 StdPeriph_Driver/src/stm32f4xx_gpio.o
                0x0800092c                GPIO_ReadInputDataBit
 .text.GPIO_SetBits
                0x08000960       0x20 StdPeriph_Driver/src/stm32f4xx_gpio.o
                0x08000960                GPIO_SetBits
 .text.GPIO_ResetBits
                0x08000980       0x20 StdPeriph_Driver/src/stm32f4xx_gpio.o
                0x08000980                GPIO_ResetBits
 .text.GPIO_PinAFConfig
                0x080009a0       0x94 StdPeriph_Driver/src/stm32f4xx_gpio.o
                0x080009a0                GPIO_PinAFConfig
 .text.I2C_DeInit
                0x08000a34       0x74 StdPeriph_Driver/src/stm32f4xx_i2c.o
                0x08000a34                I2C_DeInit
 .text.I2C_Init
                0x08000aa8      0x184 StdPeriph_Driver/src/stm32f4xx_i2c.o
                0x08000aa8                I2C_Init
 .text.I2C_Cmd  0x08000c2c       0x40 StdPeriph_Driver/src/stm32f4xx_i2c.o
                0x08000c2c                I2C_Cmd
 .text.I2C_GenerateSTART
                0x08000c6c       0x40 StdPeriph_Driver/src/stm32f4xx_i2c.o
                0x08000c6c                I2C_GenerateSTART
 .text.I2C_GenerateSTOP
                0x08000cac       0x40 StdPeriph_Driver/src/stm32f4xx_i2c.o
                0x08000cac                I2C_GenerateSTOP
 .text.I2C_Send7bitAddress
                0x08000cec       0x3c StdPeriph_Driver/src/stm32f4xx_i2c.o
                0x08000cec                I2C_Send7bitAddress
 .text.I2C_SendData
                0x08000d28       0x20 StdPeriph_Driver/src/stm32f4xx_i2c.o
                0x08000d28                I2C_SendData
 .text.I2C_ITConfig
                0x08000d48       0x48 StdPeriph_Driver/src/stm32f4xx_i2c.o
                0x08000d48                I2C_ITConfig
 .text.I2C_CheckEvent
                0x08000d90       0x60 StdPeriph_Driver/src/stm32f4xx_i2c.o
                0x08000d90                I2C_CheckEvent
 .text.I2C_GetFlagStatus
                0x08000df0       0x68 StdPeriph_Driver/src/stm32f4xx_i2c.o
                0x08000df0                I2C_GetFlagStatus
 .text.RCC_ClockSecuritySystemCmd
                0x08000e58       0x20 StdPeriph_Driver/src/stm32f4xx_rcc.o
                0x08000e58                RCC_ClockSecuritySystemCmd
 .text.RCC_MCO1Config
                0x08000e78       0x40 StdPeriph_Driver/src/stm32f4xx_rcc.o
                0x08000e78                RCC_MCO1Config
 .text.RCC_GetClocksFreq
                0x08000eb8      0x154 StdPeriph_Driver/src/stm32f4xx_rcc.o
                0x08000eb8                RCC_GetClocksFreq
 .text.RCC_AHB1PeriphClockCmd
                0x0800100c       0x40 StdPeriph_Driver/src/stm32f4xx_rcc.o
                0x0800100c                RCC_AHB1PeriphClockCmd
 .text.RCC_AHB2PeriphClockCmd
                0x0800104c       0x40 StdPeriph_Driver/src/stm32f4xx_rcc.o
                0x0800104c                RCC_AHB2PeriphClockCmd
 .text.RCC_APB1PeriphClockCmd
                0x0800108c       0x40 StdPeriph_Driver/src/stm32f4xx_rcc.o
                0x0800108c                RCC_APB1PeriphClockCmd
 .text.RCC_APB2PeriphClockCmd
                0x080010cc       0x40 StdPeriph_Driver/src/stm32f4xx_rcc.o
                0x080010cc                RCC_APB2PeriphClockCmd
 .text.RCC_APB1PeriphResetCmd
                0x0800110c       0x40 StdPeriph_Driver/src/stm32f4xx_rcc.o
                0x0800110c                RCC_APB1PeriphResetCmd
 .text.SPI_Init
                0x0800114c       0x88 StdPeriph_Driver/src/stm32f4xx_spi.o
                0x0800114c                SPI_Init
 .text.SPI_StructInit
                0x080011d4       0x4c StdPeriph_Driver/src/stm32f4xx_spi.o
                0x080011d4                SPI_StructInit
 .text.SPI_Cmd  0x08001220       0x40 StdPeriph_Driver/src/stm32f4xx_spi.o
                0x08001220                SPI_Cmd
 .text.SPI_I2S_GetFlagStatus
                0x08001260       0x38 StdPeriph_Driver/src/stm32f4xx_spi.o
                0x08001260                SPI_I2S_GetFlagStatus
 .text.TIM_TimeBaseInit
                0x08001298       0xd8 StdPeriph_Driver/src/stm32f4xx_tim.o
                0x08001298                TIM_TimeBaseInit
 .text.TIM_Cmd  0x08001370       0x40 StdPeriph_Driver/src/stm32f4xx_tim.o
                0x08001370                TIM_Cmd
 .text.TIM_ITConfig
                0x080013b0       0x48 StdPeriph_Driver/src/stm32f4xx_tim.o
                0x080013b0                TIM_ITConfig
 .text.TIM_GetITStatus
                0x080013f8       0x54 StdPeriph_Driver/src/stm32f4xx_tim.o
                0x080013f8                TIM_GetITStatus
 .text.TIM_ClearITPendingBit
                0x0800144c       0x24 StdPeriph_Driver/src/stm32f4xx_tim.o
                0x0800144c                TIM_ClearITPendingBit
 .text.Delay    0x08001470       0x28 src/OV7670_control.o
                0x08001470                Delay
 .text.MCO1_init
                0x08001498       0x58 src/OV7670_control.o
                0x08001498                MCO1_init
 .text.SCCB_init
                0x080014f0       0xa4 src/OV7670_control.o
                0x080014f0                SCCB_init
 .text.SCCB_write_reg
                0x08001594       0xf8 src/OV7670_control.o
                0x08001594                SCCB_write_reg
 .text.OV7670_init
                0x0800168c       0x7c src/OV7670_control.o
                0x0800168c                OV7670_init
 .text.DCMI_DMA_init
                0x08001708      0x22c src/OV7670_control.o
                0x08001708                DCMI_DMA_init
 .text.LCD_ILI9341_Init
                0x08001934       0xb0 src/lcd_ili9341.o
                0x08001934                LCD_ILI9341_Init
 .text.LCD_ILI9341_InitLCD
                0x080019e4      0x260 src/lcd_ili9341.o
                0x080019e4                LCD_ILI9341_InitLCD
 .text.LCD_ILI9341_SendCommand
                0x08001c44       0x44 src/lcd_ili9341.o
                0x08001c44                LCD_ILI9341_SendCommand
 .text.LCD_ILI9341_SendData
                0x08001c88       0x44 src/lcd_ili9341.o
                0x08001c88                LCD_ILI9341_SendData
 .text.LCD_ILI9341_DrawPixel
                0x08001ccc       0x44 src/lcd_ili9341.o
                0x08001ccc                LCD_ILI9341_DrawPixel
 .text.LCD_ILI9341_SetCursorPosition
                0x08001d10       0x94 src/lcd_ili9341.o
                0x08001d10                LCD_ILI9341_SetCursorPosition
 .text.LCD_ILI9341_Fill
                0x08001da4       0x6c src/lcd_ili9341.o
                0x08001da4                LCD_ILI9341_Fill
 .text.LCD_ILI9341_DisplayImage
                0x08001e10       0xa4 src/lcd_ili9341.o
                0x08001e10                LCD_ILI9341_DisplayImage
 .text.LCD_ILI9341_Delay
                0x08001eb4       0x24 src/lcd_ili9341.o
                0x08001eb4                LCD_ILI9341_Delay
 .text.LCD_ILI9341_Rotate
                0x08001ed8       0x88 src/lcd_ili9341.o
                0x08001ed8                LCD_ILI9341_Rotate
 .text.LCD_ILI9341_Puts
                0x08001f60       0xb0 src/lcd_ili9341.o
                0x08001f60                LCD_ILI9341_Puts
 .text.LCD_ILI9341_PutMys
                0x08002010       0xb8 src/lcd_ili9341.o
                0x08002010                LCD_ILI9341_PutMys
 .text.LCD_ILI9341_Putc
                0x080020c8      0x114 src/lcd_ili9341.o
                0x080020c8                LCD_ILI9341_Putc
 .text.LCD_ILI9341_PutMyc
                0x080021dc      0x114 src/lcd_ili9341.o
                0x080021dc                LCD_ILI9341_PutMyc
 .text.LCD_ILI9341_DrawLine
                0x080022f0      0x164 src/lcd_ili9341.o
                0x080022f0                LCD_ILI9341_DrawLine
 .text.LCD_ILI9341_DrawRectangle
                0x08002454       0x70 src/lcd_ili9341.o
                0x08002454                LCD_ILI9341_DrawRectangle
 .text.LCD_SPI_Init
                0x080024c4       0xa8 src/lcd_spi.o
                0x080024c4                LCD_SPI_Init
 .text.LCD_SPI_Send
                0x0800256c       0x54 src/lcd_spi.o
                0x0800256c                LCD_SPI_Send
 .text.LCD_SPI_BaudRateUp
                0x080025c0       0x6c src/lcd_spi.o
                0x080025c0                LCD_SPI_BaudRateUp
 .text.main     0x0800262c      0x184 src/main.o
                0x0800262c                main
 .text.TIM3_IRQHandler
                0x080027b0       0xa0 src/main.o
                0x080027b0                TIM3_IRQHandler
 .text.TIM4_IRQHandler
                0x08002850       0x64 src/main.o
                0x08002850                TIM4_IRQHandler
 .text.DMA2_Stream1_IRQHandler
                0x080028b4       0x38 src/main.o
                0x080028b4                DMA2_Stream1_IRQHandler
 .text.STM_LedInit
                0x080028ec       0x3c src/system_control.o
                0x080028ec                STM_LedInit
 .text.STM_ButtonInit
                0x08002928       0x38 src/system_control.o
                0x08002928                STM_ButtonInit
 .text.STM_LedOn
                0x08002960       0x20 src/system_control.o
                0x08002960                STM_LedOn
 .text.STM_LedOff
                0x08002980       0x20 src/system_control.o
                0x08002980                STM_LedOff
 .text.STM_ButtonPressed
                0x080029a0       0x18 src/system_control.o
                0x080029a0                STM_ButtonPressed
 .text.STM_TimerInit
                0x080029b8       0xc0 src/system_control.o
                0x080029b8                STM_TimerInit
 .text.SystemInit
                0x08002a78       0x6c src/system_stm32f4xx.o
                0x08002a78                SystemInit
 .text.SetSysClock
                0x08002ae4      0x12c src/system_stm32f4xx.o
 .text.Reset_Handler
                0x08002c10       0x48 startup/startup_stm32f429_439xx.o
                0x08002c10                Reset_Handler
 .text.Default_Handler
                0x08002c58        0x2 startup/startup_stm32f429_439xx.o
                0x08002c58                RTC_Alarm_IRQHandler
                0x08002c58                HASH_RNG_IRQHandler
                0x08002c58                EXTI2_IRQHandler
                0x08002c58                TIM8_CC_IRQHandler
                0x08002c58                DebugMon_Handler
                0x08002c58                UART8_IRQHandler
                0x08002c58                SPI4_IRQHandler
                0x08002c58                TIM1_CC_IRQHandler
                0x08002c58                DMA2_Stream5_IRQHandler
                0x08002c58                HardFault_Handler
                0x08002c58                DMA1_Stream5_IRQHandler
                0x08002c58                SysTick_Handler
                0x08002c58                PVD_IRQHandler
                0x08002c58                SDIO_IRQHandler
                0x08002c58                TAMP_STAMP_IRQHandler
                0x08002c58                PendSV_Handler
                0x08002c58                NMI_Handler
                0x08002c58                CAN2_RX1_IRQHandler
                0x08002c58                EXTI3_IRQHandler
                0x08002c58                TIM8_TRG_COM_TIM14_IRQHandler
                0x08002c58                TIM1_UP_TIM10_IRQHandler
                0x08002c58                TIM8_UP_TIM13_IRQHandler
                0x08002c58                I2C3_ER_IRQHandler
                0x08002c58                EXTI0_IRQHandler
                0x08002c58                I2C2_EV_IRQHandler
                0x08002c58                DMA1_Stream2_IRQHandler
                0x08002c58                CAN1_RX0_IRQHandler
                0x08002c58                FPU_IRQHandler
                0x08002c58                OTG_HS_WKUP_IRQHandler
                0x08002c58                UsageFault_Handler
                0x08002c58                LTDC_ER_IRQHandler
                0x08002c58                CAN2_SCE_IRQHandler
                0x08002c58                DMA2_Stream2_IRQHandler
                0x08002c58                SPI1_IRQHandler
                0x08002c58                TIM6_DAC_IRQHandler
                0x08002c58                TIM1_BRK_TIM9_IRQHandler
                0x08002c58                DCMI_IRQHandler
                0x08002c58                CAN2_RX0_IRQHandler
                0x08002c58                DMA2_Stream3_IRQHandler
                0x08002c58                USART6_IRQHandler
                0x08002c58                USART3_IRQHandler
                0x08002c58                CRYP_IRQHandler
                0x08002c58                CAN1_RX1_IRQHandler
                0x08002c58                UART5_IRQHandler
                0x08002c58                DMA2_Stream0_IRQHandler
                0x08002c58                I2C1_EV_IRQHandler
                0x08002c58                DMA1_Stream6_IRQHandler
                0x08002c58                DMA1_Stream1_IRQHandler
                0x08002c58                UART4_IRQHandler
                0x08002c58                RCC_IRQHandler
                0x08002c58                TIM8_BRK_TIM12_IRQHandler
                0x08002c58                Default_Handler
                0x08002c58                EXTI15_10_IRQHandler
                0x08002c58                ADC_IRQHandler
                0x08002c58                DMA1_Stream7_IRQHandler
                0x08002c58                SPI5_IRQHandler
                0x08002c58                TIM7_IRQHandler
                0x08002c58                CAN2_TX_IRQHandler
                0x08002c58                TIM5_IRQHandler
                0x08002c58                DMA2_Stream7_IRQHandler
                0x08002c58                I2C3_EV_IRQHandler
                0x08002c58                EXTI9_5_IRQHandler
                0x08002c58                RTC_WKUP_IRQHandler
                0x08002c58                LTDC_IRQHandler
                0x08002c58                ETH_WKUP_IRQHandler
                0x08002c58                SPI2_IRQHandler
                0x08002c58                OTG_HS_EP1_IN_IRQHandler
                0x08002c58                MemManage_Handler
                0x08002c58                DMA1_Stream0_IRQHandler
                0x08002c58                CAN1_TX_IRQHandler
                0x08002c58                SVC_Handler
                0x08002c58                EXTI4_IRQHandler
                0x08002c58                FSMC_IRQHandler
                0x08002c58                ETH_IRQHandler
                0x08002c58                OTG_HS_EP1_OUT_IRQHandler
                0x08002c58                WWDG_IRQHandler
                0x08002c58                SPI6_IRQHandler
                0x08002c58                TIM2_IRQHandler
                0x08002c58                OTG_FS_WKUP_IRQHandler
                0x08002c58                TIM1_TRG_COM_TIM11_IRQHandler
                0x08002c58                OTG_HS_IRQHandler
                0x08002c58                DMA2D_IRQHandler
                0x08002c58                EXTI1_IRQHandler
                0x08002c58                UART7_IRQHandler
                0x08002c58                USART2_IRQHandler
                0x08002c58                I2C2_ER_IRQHandler
                0x08002c58                CAN1_SCE_IRQHandler
                0x08002c58                FLASH_IRQHandler
                0x08002c58                DMA2_Stream4_IRQHandler
                0x08002c58                BusFault_Handler
                0x08002c58                USART1_IRQHandler
                0x08002c58                OTG_FS_IRQHandler
                0x08002c58                SPI3_IRQHandler
                0x08002c58                DMA1_Stream4_IRQHandler
                0x08002c58                I2C1_ER_IRQHandler
                0x08002c58                DMA2_Stream6_IRQHandler
                0x08002c58                SAI1_IRQHandler
                0x08002c58                DMA1_Stream3_IRQHandler
 *fill*         0x08002c5a        0x2 
 .text.__libc_init_array
                0x08002c5c       0x50 c:/ac6/systemworkbench/plugins/fr.ac6.mcu.externaltools.arm-none.win32_1.13.3.201707031232/tools/compiler/bin/../lib/gcc/arm-none-eabi/5.4.1/../../../../arm-none-eabi/lib/armv7e-m/fpu\libc.a(lib_a-init.o)
                0x08002c5c                __libc_init_array
 .text.startup.register_fini
                0x08002cac       0x14 c:/ac6/systemworkbench/plugins/fr.ac6.mcu.externaltools.arm-none.win32_1.13.3.201707031232/tools/compiler/bin/../lib/gcc/arm-none-eabi/5.4.1/../../../../arm-none-eabi/lib/armv7e-m/fpu\libc.a(lib_a-__call_atexit.o)
 .text.atexit   0x08002cc0        0xc c:/ac6/systemworkbench/plugins/fr.ac6.mcu.externaltools.arm-none.win32_1.13.3.201707031232/tools/compiler/bin/../lib/gcc/arm-none-eabi/5.4.1/../../../../arm-none-eabi/lib/armv7e-m/fpu\libc.a(lib_a-atexit.o)
                0x08002cc0                atexit
 .text.__libc_fini_array
                0x08002ccc       0x28 c:/ac6/systemworkbench/plugins/fr.ac6.mcu.externaltools.arm-none.win32_1.13.3.201707031232/tools/compiler/bin/../lib/gcc/arm-none-eabi/5.4.1/../../../../arm-none-eabi/lib/armv7e-m/fpu\libc.a(lib_a-fini.o)
                0x08002ccc                __libc_fini_array
 .text.__register_exitproc
                0x08002cf4       0xa4 c:/ac6/systemworkbench/plugins/fr.ac6.mcu.externaltools.arm-none.win32_1.13.3.201707031232/tools/compiler/bin/../lib/gcc/arm-none-eabi/5.4.1/../../../../arm-none-eabi/lib/armv7e-m/fpu\libc.a(lib_a-__atexit.o)
                0x08002cf4                __register_exitproc
 *(.glue_7)
 .glue_7        0x08002d98        0x0 linker stubs
 *(.glue_7t)
 .glue_7t       0x08002d98        0x0 linker stubs
 *(.eh_frame)
 .eh_frame      0x08002d98        0x0 c:/ac6/systemworkbench/plugins/fr.ac6.mcu.externaltools.arm-none.win32_1.13.3.201707031232/tools/compiler/bin/../lib/gcc/arm-none-eabi/5.4.1/armv7e-m/fpu/crtbegin.o
 *(.init)
 .init          0x08002d98        0x4 c:/ac6/systemworkbench/plugins/fr.ac6.mcu.externaltools.arm-none.win32_1.13.3.201707031232/tools/compiler/bin/../lib/gcc/arm-none-eabi/5.4.1/armv7e-m/fpu/crti.o
                0x08002d98                _init
 .init          0x08002d9c        0x8 c:/ac6/systemworkbench/plugins/fr.ac6.mcu.externaltools.arm-none.win32_1.13.3.201707031232/tools/compiler/bin/../lib/gcc/arm-none-eabi/5.4.1/armv7e-m/fpu/crtn.o
 *(.fini)
 .fini          0x08002da4        0x4 c:/ac6/systemworkbench/plugins/fr.ac6.mcu.externaltools.arm-none.win32_1.13.3.201707031232/tools/compiler/bin/../lib/gcc/arm-none-eabi/5.4.1/armv7e-m/fpu/crti.o
                0x08002da4                _fini
 .fini          0x08002da8        0x8 c:/ac6/systemworkbench/plugins/fr.ac6.mcu.externaltools.arm-none.win32_1.13.3.201707031232/tools/compiler/bin/../lib/gcc/arm-none-eabi/5.4.1/armv7e-m/fpu/crtn.o
                0x08002db0                . = ALIGN (0x4)
                0x08002db0                _etext = .

.vfp11_veneer   0x08002db0        0x0
 .vfp11_veneer  0x08002db0        0x0 linker stubs

.v4_bx          0x08002db0        0x0
 .v4_bx         0x08002db0        0x0 linker stubs

.iplt           0x08002db0        0x0
 .iplt          0x08002db0        0x0 c:/ac6/systemworkbench/plugins/fr.ac6.mcu.externaltools.arm-none.win32_1.13.3.201707031232/tools/compiler/bin/../lib/gcc/arm-none-eabi/5.4.1/armv7e-m/fpu/crtbegin.o

.rodata         0x08002db0     0x3178
                0x08002db0                . = ALIGN (0x4)
 *(.rodata)
 .rodata        0x08002db0       0xf4 src/OV7670_control.o
                0x08002db0                OV7670_reg
 .rodata        0x08002ea4     0x302c src/lcd_fonts.o
                0x08002ea4                LCD_Font7x10
                0x08003610                LCD_Font11x18
                0x0800436c                LCD_Font16x26
                0x080056b8                LCD_Font10x14
 .rodata        0x08005ed0       0x54 src/main.o
 *(.rodata*)
 .rodata._global_impure_ptr
                0x08005f24        0x4 c:/ac6/systemworkbench/plugins/fr.ac6.mcu.externaltools.arm-none.win32_1.13.3.201707031232/tools/compiler/bin/../lib/gcc/arm-none-eabi/5.4.1/../../../../arm-none-eabi/lib/armv7e-m/fpu\libc.a(lib_a-impure.o)
                0x08005f24                _global_impure_ptr
                0x08005f28                . = ALIGN (0x4)

.rel.dyn        0x08005f28        0x0
 .rel.iplt      0x08005f28        0x0 c:/ac6/systemworkbench/plugins/fr.ac6.mcu.externaltools.arm-none.win32_1.13.3.201707031232/tools/compiler/bin/../lib/gcc/arm-none-eabi/5.4.1/armv7e-m/fpu/crtbegin.o

.ARM.extab
 *(.ARM.extab* .gnu.linkonce.armextab.*)

.ARM            0x08005f28        0x0
                0x08005f28                __exidx_start = .
 *(.ARM.exidx*)
                0x08005f28                __exidx_end = .

.preinit_array  0x08005f28        0x0
                0x08005f28                PROVIDE (__preinit_array_start, .)
 *(.preinit_array*)
                0x08005f28                PROVIDE (__preinit_array_end, .)

.init_array     0x08005f28        0x8
                0x08005f28                PROVIDE (__init_array_start, .)
 *(SORT(.init_array.*))
 .init_array.00000
                0x08005f28        0x4 c:/ac6/systemworkbench/plugins/fr.ac6.mcu.externaltools.arm-none.win32_1.13.3.201707031232/tools/compiler/bin/../lib/gcc/arm-none-eabi/5.4.1/../../../../arm-none-eabi/lib/armv7e-m/fpu\libc.a(lib_a-__call_atexit.o)
 *(.init_array*)
 .init_array    0x08005f2c        0x4 c:/ac6/systemworkbench/plugins/fr.ac6.mcu.externaltools.arm-none.win32_1.13.3.201707031232/tools/compiler/bin/../lib/gcc/arm-none-eabi/5.4.1/armv7e-m/fpu/crtbegin.o
                0x08005f30                PROVIDE (__init_array_end, .)

.fini_array     0x08005f30        0x4
                0x08005f30                PROVIDE (__fini_array_start, .)
 *(SORT(.fini_array.*))
 *(.fini_array*)
 .fini_array    0x08005f30        0x4 c:/ac6/systemworkbench/plugins/fr.ac6.mcu.externaltools.arm-none.win32_1.13.3.201707031232/tools/compiler/bin/../lib/gcc/arm-none-eabi/5.4.1/armv7e-m/fpu/crtbegin.o
                0x08005f34                PROVIDE (__fini_array_end, .)
                0x08005f34                _sidata = LOADADDR (.data)

.data           0x20000000      0x460 load address 0x08005f34
                0x20000000                . = ALIGN (0x4)
                0x20000000                _sdata = .
 *(.data)
 .data          0x20000000       0x10 StdPeriph_Driver/src/stm32f4xx_rcc.o
 .data          0x20000010       0x20 src/lcd_fonts.o
                0x20000010                LCD_Font_7x10
                0x20000018                LCD_Font_11x18
                0x20000020                LCD_Font_16x26
                0x20000028                LCD_Font_9x14
 .data          0x20000030        0x2 src/main.o
 *(.data*)
 *fill*         0x20000032        0x6 
 .data.impure_data
                0x20000038      0x428 c:/ac6/systemworkbench/plugins/fr.ac6.mcu.externaltools.arm-none.win32_1.13.3.201707031232/tools/compiler/bin/../lib/gcc/arm-none-eabi/5.4.1/../../../../arm-none-eabi/lib/armv7e-m/fpu\libc.a(lib_a-impure.o)
                0x20000460                . = ALIGN (0x4)
                0x20000460                _edata = .
                0x08006394                _siccmram = LOADADDR (.ccmram)

.jcr            0x20000460        0x0 load address 0x08006394
 .jcr           0x20000460        0x0 c:/ac6/systemworkbench/plugins/fr.ac6.mcu.externaltools.arm-none.win32_1.13.3.201707031232/tools/compiler/bin/../lib/gcc/arm-none-eabi/5.4.1/armv7e-m/fpu/crtbegin.o

.igot.plt       0x20000460        0x0 load address 0x08006394
 .igot.plt      0x20000460        0x0 c:/ac6/systemworkbench/plugins/fr.ac6.mcu.externaltools.arm-none.win32_1.13.3.201707031232/tools/compiler/bin/../lib/gcc/arm-none-eabi/5.4.1/armv7e-m/fpu/crtbegin.o

.ccmram         0x10000000        0x0 load address 0x08006394
                0x10000000                . = ALIGN (0x4)
                0x10000000                _sccmram = .
 *(.ccmram)
 *(.ccmram*)
                0x10000000                . = ALIGN (0x4)
                0x10000000                _eccmram = .
                0x10000000                . = ALIGN (0x4)

.bss            0x20000460    0x2582c
                0x20000460                _sbss = .
                0x20000460                __bss_start__ = _sbss
 *(.bss)
 .bss           0x20000460       0x1c c:/ac6/systemworkbench/plugins/fr.ac6.mcu.externaltools.arm-none.win32_1.13.3.201707031232/tools/compiler/bin/../lib/gcc/arm-none-eabi/5.4.1/armv7e-m/fpu/crtbegin.o
 .bss           0x2000047c        0x4 src/main.o
 *(.bss*)
 *(COMMON)
 COMMON         0x20000480    0x25800 src/OV7670_control.o
                0x20000480                frame_buffer
 COMMON         0x20025c80        0xc src/lcd_ili9341.o
                0x20025c80                ILI9341_x
                0x20025c84                ILI9341_Opts
                0x20025c8a                ILI9341_y
                0x20025c8c                . = ALIGN (0x4)
                0x20025c8c                _ebss = .
                0x20025c8c                __bss_end__ = _ebss

._user_heap_stack
                0x20025c8c      0x604
                0x20025c90                . = ALIGN (0x8)
 *fill*         0x20025c8c        0x4 
                0x20025c90                PROVIDE (end, .)
                [!provide]                PROVIDE (_end, .)
                0x20025e90                . = (. + _Min_Heap_Size)
 *fill*         0x20025c90      0x200 
                0x20026290                . = (. + _Min_Stack_Size)
 *fill*         0x20025e90      0x400 
                0x20026290                . = ALIGN (0x8)

/DISCARD/
 libc.a(*)
 libm.a(*)
 libgcc.a(*)

.ARM.attributes
                0x00000000       0x30
 *(.ARM.attributes)
 .ARM.attributes
                0x00000000       0x22 c:/ac6/systemworkbench/plugins/fr.ac6.mcu.externaltools.arm-none.win32_1.13.3.201707031232/tools/compiler/bin/../lib/gcc/arm-none-eabi/5.4.1/armv7e-m/fpu/crti.o
 .ARM.attributes
                0x00000022       0x34 c:/ac6/systemworkbench/plugins/fr.ac6.mcu.externaltools.arm-none.win32_1.13.3.201707031232/tools/compiler/bin/../lib/gcc/arm-none-eabi/5.4.1/armv7e-m/fpu/crtbegin.o
 .ARM.attributes
                0x00000056       0x39 StdPeriph_Driver/src/misc.o
 .ARM.attributes
                0x0000008f       0x39 StdPeriph_Driver/src/stm32f4xx_dcmi.o
 .ARM.attributes
                0x000000c8       0x39 StdPeriph_Driver/src/stm32f4xx_dma.o
 .ARM.attributes
                0x00000101       0x39 StdPeriph_Driver/src/stm32f4xx_gpio.o
 .ARM.attributes
                0x0000013a       0x39 StdPeriph_Driver/src/stm32f4xx_i2c.o
 .ARM.attributes
                0x00000173       0x39 StdPeriph_Driver/src/stm32f4xx_rcc.o
 .ARM.attributes
                0x000001ac       0x39 StdPeriph_Driver/src/stm32f4xx_spi.o
 .ARM.attributes
                0x000001e5       0x39 StdPeriph_Driver/src/stm32f4xx_tim.o
 .ARM.attributes
                0x0000021e       0x39 src/OV7670_control.o
 .ARM.attributes
                0x00000257       0x39 src/lcd_fonts.o
 .ARM.attributes
                0x00000290       0x39 src/lcd_ili9341.o
 .ARM.attributes
                0x000002c9       0x39 src/lcd_spi.o
 .ARM.attributes
                0x00000302       0x39 src/main.o
 .ARM.attributes
                0x0000033b       0x39 src/system_control.o
 .ARM.attributes
                0x00000374       0x39 src/system_stm32f4xx.o
 .ARM.attributes
                0x000003ad       0x21 startup/startup_stm32f429_439xx.o
 .ARM.attributes
                0x000003ce       0x34 c:/ac6/systemworkbench/plugins/fr.ac6.mcu.externaltools.arm-none.win32_1.13.3.201707031232/tools/compiler/bin/../lib/gcc/arm-none-eabi/5.4.1/../../../../arm-none-eabi/lib/armv7e-m/fpu\libc.a(lib_a-impure.o)
 .ARM.attributes
                0x00000402       0x34 c:/ac6/systemworkbench/plugins/fr.ac6.mcu.externaltools.arm-none.win32_1.13.3.201707031232/tools/compiler/bin/../lib/gcc/arm-none-eabi/5.4.1/../../../../arm-none-eabi/lib/armv7e-m/fpu\libc.a(lib_a-init.o)
 .ARM.attributes
                0x00000436       0x34 c:/ac6/systemworkbench/plugins/fr.ac6.mcu.externaltools.arm-none.win32_1.13.3.201707031232/tools/compiler/bin/../lib/gcc/arm-none-eabi/5.4.1/../../../../arm-none-eabi/lib/armv7e-m/fpu\libc.a(lib_a-__call_atexit.o)
 .ARM.attributes
                0x0000046a       0x34 c:/ac6/systemworkbench/plugins/fr.ac6.mcu.externaltools.arm-none.win32_1.13.3.201707031232/tools/compiler/bin/../lib/gcc/arm-none-eabi/5.4.1/../../../../arm-none-eabi/lib/armv7e-m/fpu\libc.a(lib_a-atexit.o)
 .ARM.attributes
                0x0000049e       0x34 c:/ac6/systemworkbench/plugins/fr.ac6.mcu.externaltools.arm-none.win32_1.13.3.201707031232/tools/compiler/bin/../lib/gcc/arm-none-eabi/5.4.1/../../../../arm-none-eabi/lib/armv7e-m/fpu\libc.a(lib_a-fini.o)
 .ARM.attributes
                0x000004d2       0x34 c:/ac6/systemworkbench/plugins/fr.ac6.mcu.externaltools.arm-none.win32_1.13.3.201707031232/tools/compiler/bin/../lib/gcc/arm-none-eabi/5.4.1/../../../../arm-none-eabi/lib/armv7e-m/fpu\libc.a(lib_a-__atexit.o)
 .ARM.attributes
                0x00000506       0x22 c:/ac6/systemworkbench/plugins/fr.ac6.mcu.externaltools.arm-none.win32_1.13.3.201707031232/tools/compiler/bin/../lib/gcc/arm-none-eabi/5.4.1/armv7e-m/fpu/crtn.o
OUTPUT(chech.elf elf32-littlearm)

.debug_info     0x00000000     0x8c12
 .debug_info    0x00000000      0x55e StdPeriph_Driver/src/misc.o
 .debug_info    0x0000055e      0x55c StdPeriph_Driver/src/stm32f4xx_dcmi.o
 .debug_info    0x00000aba      0x749 StdPeriph_Driver/src/stm32f4xx_dma.o
 .debug_info    0x00001203      0x625 StdPeriph_Driver/src/stm32f4xx_gpio.o
 .debug_info    0x00001828      0xb9b StdPeriph_Driver/src/stm32f4xx_i2c.o
 .debug_info    0x000023c3      0xe2f StdPeriph_Driver/src/stm32f4xx_rcc.o
 .debug_info    0x000031f2      0xb31 StdPeriph_Driver/src/stm32f4xx_spi.o
 .debug_info    0x00003d23     0x1c71 StdPeriph_Driver/src/stm32f4xx_tim.o
 .debug_info    0x00005994      0xac8 src/OV7670_control.o
 .debug_info    0x0000645c      0x1ea src/lcd_fonts.o
 .debug_info    0x00006646      0xbfa src/lcd_ili9341.o
 .debug_info    0x00007240      0x5c5 src/lcd_spi.o
 .debug_info    0x00007805      0x511 src/main.o
 .debug_info    0x00007d16      0x871 src/system_control.o
 .debug_info    0x00008587      0x5f4 src/system_stm32f4xx.o
 .debug_info    0x00008b7b       0x97 startup/startup_stm32f429_439xx.o

.debug_abbrev   0x00000000     0x1618
 .debug_abbrev  0x00000000      0x14c StdPeriph_Driver/src/misc.o
 .debug_abbrev  0x0000014c      0x18e StdPeriph_Driver/src/stm32f4xx_dcmi.o
 .debug_abbrev  0x000002da      0x15c StdPeriph_Driver/src/stm32f4xx_dma.o
 .debug_abbrev  0x00000436      0x1ac StdPeriph_Driver/src/stm32f4xx_gpio.o
 .debug_abbrev  0x000005e2      0x16b StdPeriph_Driver/src/stm32f4xx_i2c.o
 .debug_abbrev  0x0000074d      0x1c1 StdPeriph_Driver/src/stm32f4xx_rcc.o
 .debug_abbrev  0x0000090e      0x16e StdPeriph_Driver/src/stm32f4xx_spi.o
 .debug_abbrev  0x00000a7c      0x18e StdPeriph_Driver/src/stm32f4xx_tim.o
 .debug_abbrev  0x00000c0a      0x1c9 src/OV7670_control.o
 .debug_abbrev  0x00000dd3       0xae src/lcd_fonts.o
 .debug_abbrev  0x00000e81      0x217 src/lcd_ili9341.o
 .debug_abbrev  0x00001098      0x14b src/lcd_spi.o
 .debug_abbrev  0x000011e3      0x19b src/main.o
 .debug_abbrev  0x0000137e      0x14b src/system_control.o
 .debug_abbrev  0x000014c9      0x13d src/system_stm32f4xx.o
 .debug_abbrev  0x00001606       0x12 startup/startup_stm32f429_439xx.o

.debug_aranges  0x00000000      0xb00
 .debug_aranges
                0x00000000       0x40 StdPeriph_Driver/src/misc.o
 .debug_aranges
                0x00000040       0x90 StdPeriph_Driver/src/stm32f4xx_dcmi.o
 .debug_aranges
                0x000000d0       0xb0 StdPeriph_Driver/src/stm32f4xx_dma.o
 .debug_aranges
                0x00000180       0x88 StdPeriph_Driver/src/stm32f4xx_gpio.o
 .debug_aranges
                0x00000208      0x130 StdPeriph_Driver/src/stm32f4xx_i2c.o
 .debug_aranges
                0x00000338      0x1b8 StdPeriph_Driver/src/stm32f4xx_rcc.o
 .debug_aranges
                0x000004f0       0xe0 StdPeriph_Driver/src/stm32f4xx_spi.o
 .debug_aranges
                0x000005d0      0x2f8 StdPeriph_Driver/src/stm32f4xx_tim.o
 .debug_aranges
                0x000008c8       0x48 src/OV7670_control.o
 .debug_aranges
                0x00000910       0x18 src/lcd_fonts.o
 .debug_aranges
                0x00000928       0xb8 src/lcd_ili9341.o
 .debug_aranges
                0x000009e0       0x48 src/lcd_spi.o
 .debug_aranges
                0x00000a28       0x38 src/main.o
 .debug_aranges
                0x00000a60       0x48 src/system_control.o
 .debug_aranges
                0x00000aa8       0x30 src/system_stm32f4xx.o
 .debug_aranges
                0x00000ad8       0x28 startup/startup_stm32f429_439xx.o

.debug_ranges   0x00000000      0xa18
 .debug_ranges  0x00000000       0x30 StdPeriph_Driver/src/misc.o
 .debug_ranges  0x00000030       0x80 StdPeriph_Driver/src/stm32f4xx_dcmi.o
 .debug_ranges  0x000000b0       0xa0 StdPeriph_Driver/src/stm32f4xx_dma.o
 .debug_ranges  0x00000150       0x78 StdPeriph_Driver/src/stm32f4xx_gpio.o
 .debug_ranges  0x000001c8      0x120 StdPeriph_Driver/src/stm32f4xx_i2c.o
 .debug_ranges  0x000002e8      0x1a8 StdPeriph_Driver/src/stm32f4xx_rcc.o
 .debug_ranges  0x00000490       0xd0 StdPeriph_Driver/src/stm32f4xx_spi.o
 .debug_ranges  0x00000560      0x2e8 StdPeriph_Driver/src/stm32f4xx_tim.o
 .debug_ranges  0x00000848       0x38 src/OV7670_control.o
 .debug_ranges  0x00000880       0xa8 src/lcd_ili9341.o
 .debug_ranges  0x00000928       0x38 src/lcd_spi.o
 .debug_ranges  0x00000960       0x40 src/main.o
 .debug_ranges  0x000009a0       0x38 src/system_control.o
 .debug_ranges  0x000009d8       0x20 src/system_stm32f4xx.o
 .debug_ranges  0x000009f8       0x20 startup/startup_stm32f429_439xx.o

.debug_macro    0x00000000    0x12b1c
 .debug_macro   0x00000000      0x1d7 StdPeriph_Driver/src/misc.o
 .debug_macro   0x000001d7      0x8aa StdPeriph_Driver/src/misc.o
 .debug_macro   0x00000a81       0x64 StdPeriph_Driver/src/misc.o
 .debug_macro   0x00000ae5       0x3b StdPeriph_Driver/src/misc.o
 .debug_macro   0x00000b20       0x22 StdPeriph_Driver/src/misc.o
 .debug_macro   0x00000b42       0x87 StdPeriph_Driver/src/misc.o
 .debug_macro   0x00000bc9       0x44 StdPeriph_Driver/src/misc.o
 .debug_macro   0x00000c0d       0xfd StdPeriph_Driver/src/misc.o
 .debug_macro   0x00000d0a       0x5e StdPeriph_Driver/src/misc.o
 .debug_macro   0x00000d68      0x1df StdPeriph_Driver/src/misc.o
 .debug_macro   0x00000f47       0x2d StdPeriph_Driver/src/misc.o
 .debug_macro   0x00000f74       0x42 StdPeriph_Driver/src/misc.o
 .debug_macro   0x00000fb6      0xd39 StdPeriph_Driver/src/misc.o
 .debug_macro   0x00001cef     0x901e StdPeriph_Driver/src/misc.o
 .debug_macro   0x0000ad0d       0x16 StdPeriph_Driver/src/misc.o
 .debug_macro   0x0000ad23      0x44f StdPeriph_Driver/src/misc.o
 .debug_macro   0x0000b172      0x3cf StdPeriph_Driver/src/misc.o
 .debug_macro   0x0000b541      0x144 StdPeriph_Driver/src/misc.o
 .debug_macro   0x0000b685      0x188 StdPeriph_Driver/src/misc.o
 .debug_macro   0x0000b80d       0xb2 StdPeriph_Driver/src/misc.o
 .debug_macro   0x0000b8bf      0x149 StdPeriph_Driver/src/misc.o
 .debug_macro   0x0000ba08      0x477 StdPeriph_Driver/src/misc.o
 .debug_macro   0x0000be7f       0xae StdPeriph_Driver/src/misc.o
 .debug_macro   0x0000bf2d      0x41c StdPeriph_Driver/src/misc.o
 .debug_macro   0x0000c349      0x23a StdPeriph_Driver/src/misc.o
 .debug_macro   0x0000c583      0x21e StdPeriph_Driver/src/misc.o
 .debug_macro   0x0000c7a1      0x478 StdPeriph_Driver/src/misc.o
 .debug_macro   0x0000cc19       0xc3 StdPeriph_Driver/src/misc.o
 .debug_macro   0x0000ccdc      0x2bc StdPeriph_Driver/src/misc.o
 .debug_macro   0x0000cf98      0x2bb StdPeriph_Driver/src/misc.o
 .debug_macro   0x0000d253       0x64 StdPeriph_Driver/src/misc.o
 .debug_macro   0x0000d2b7       0xe7 StdPeriph_Driver/src/misc.o
 .debug_macro   0x0000d39e      0x62f StdPeriph_Driver/src/misc.o
 .debug_macro   0x0000d9cd       0x40 StdPeriph_Driver/src/misc.o
 .debug_macro   0x0000da0d      0x57b StdPeriph_Driver/src/misc.o
 .debug_macro   0x0000df88      0x342 StdPeriph_Driver/src/misc.o
 .debug_macro   0x0000e2ca      0x36c StdPeriph_Driver/src/misc.o
 .debug_macro   0x0000e636       0xf7 StdPeriph_Driver/src/misc.o
 .debug_macro   0x0000e72d      0x73b StdPeriph_Driver/src/misc.o
 .debug_macro   0x0000ee68      0x223 StdPeriph_Driver/src/misc.o
 .debug_macro   0x0000f08b       0x34 StdPeriph_Driver/src/misc.o
 .debug_macro   0x0000f0bf       0x35 StdPeriph_Driver/src/misc.o
 .debug_macro   0x0000f0f4       0x7c StdPeriph_Driver/src/misc.o
 .debug_macro   0x0000f170      0x1d5 StdPeriph_Driver/src/stm32f4xx_dcmi.o
 .debug_macro   0x0000f345      0x143 StdPeriph_Driver/src/stm32f4xx_dcmi.o
 .debug_macro   0x0000f488      0x229 StdPeriph_Driver/src/stm32f4xx_dma.o
 .debug_macro   0x0000f6b1      0x471 StdPeriph_Driver/src/stm32f4xx_dma.o
 .debug_macro   0x0000fb22      0x1d5 StdPeriph_Driver/src/stm32f4xx_gpio.o
 .debug_macro   0x0000fcf7      0x2b6 StdPeriph_Driver/src/stm32f4xx_gpio.o
 .debug_macro   0x0000ffad      0x1e7 StdPeriph_Driver/src/stm32f4xx_i2c.o
 .debug_macro   0x00010194      0x2b5 StdPeriph_Driver/src/stm32f4xx_i2c.o
 .debug_macro   0x00010449      0x29b StdPeriph_Driver/src/stm32f4xx_rcc.o
 .debug_macro   0x000106e4      0x629 StdPeriph_Driver/src/stm32f4xx_rcc.o
 .debug_macro   0x00010d0d      0x201 StdPeriph_Driver/src/stm32f4xx_spi.o
 .debug_macro   0x00010f0e      0x366 StdPeriph_Driver/src/stm32f4xx_spi.o
 .debug_macro   0x00011274      0x1ff StdPeriph_Driver/src/stm32f4xx_tim.o
 .debug_macro   0x00011473      0x735 StdPeriph_Driver/src/stm32f4xx_tim.o
 .debug_macro   0x00011ba8      0x20e src/OV7670_control.o
 .debug_macro   0x00011db6      0x178 src/OV7670_control.o
 .debug_macro   0x00011f2e       0x22 src/OV7670_control.o
 .debug_macro   0x00011f50       0x22 src/OV7670_control.o
 .debug_macro   0x00011f72      0x1d1 src/lcd_fonts.o
 .debug_macro   0x00012143      0x1f0 src/lcd_ili9341.o
 .debug_macro   0x00012333      0x1d7 src/lcd_spi.o
 .debug_macro   0x0001250a      0x227 src/main.o
 .debug_macro   0x00012731       0x22 src/main.o
 .debug_macro   0x00012753      0x1dc src/system_control.o
 .debug_macro   0x0001292f      0x1ed src/system_stm32f4xx.o

.debug_line     0x00000000     0x8307
 .debug_line    0x00000000      0x6d5 StdPeriph_Driver/src/misc.o
 .debug_line    0x000006d5      0x7c5 StdPeriph_Driver/src/stm32f4xx_dcmi.o
 .debug_line    0x00000e9a      0x8b8 StdPeriph_Driver/src/stm32f4xx_dma.o
 .debug_line    0x00001752      0x7fd StdPeriph_Driver/src/stm32f4xx_gpio.o
 .debug_line    0x00001f4f      0x991 StdPeriph_Driver/src/stm32f4xx_i2c.o
 .debug_line    0x000028e0      0xada StdPeriph_Driver/src/stm32f4xx_rcc.o
 .debug_line    0x000033ba      0x8fe StdPeriph_Driver/src/stm32f4xx_spi.o
 .debug_line    0x00003cb8      0xf4f StdPeriph_Driver/src/stm32f4xx_tim.o
 .debug_line    0x00004c07      0x808 src/OV7670_control.o
 .debug_line    0x0000540f      0x6b3 src/lcd_fonts.o
 .debug_line    0x00005ac2      0xa71 src/lcd_ili9341.o
 .debug_line    0x00006533      0x787 src/lcd_spi.o
 .debug_line    0x00006cba      0x788 src/main.o
 .debug_line    0x00007442      0x74b src/system_control.o
 .debug_line    0x00007b8d      0x6f9 src/system_stm32f4xx.o
 .debug_line    0x00008286       0x81 startup/startup_stm32f429_439xx.o

.debug_str      0x00000000    0x66a94
 .debug_str     0x00000000    0x62846 StdPeriph_Driver/src/misc.o
                              0x62a45 (size before relaxing)
 .debug_str     0x00062846      0x316 StdPeriph_Driver/src/stm32f4xx_dcmi.o
                              0x62b26 (size before relaxing)
 .debug_str     0x00062b5c      0x693 StdPeriph_Driver/src/stm32f4xx_dma.o
                              0x62eab (size before relaxing)
 .debug_str     0x000631ef      0x2b1 StdPeriph_Driver/src/stm32f4xx_gpio.o
                              0x62aed (size before relaxing)
 .debug_str     0x000634a0      0x4ed StdPeriph_Driver/src/stm32f4xx_i2c.o
                              0x62d63 (size before relaxing)
 .debug_str     0x0006398d      0xcbc StdPeriph_Driver/src/stm32f4xx_rcc.o
                              0x635b1 (size before relaxing)
 .debug_str     0x00064649      0x3ac StdPeriph_Driver/src/stm32f4xx_spi.o
                              0x62dc4 (size before relaxing)
 .debug_str     0x000649f5      0xc11 StdPeriph_Driver/src/stm32f4xx_tim.o
                              0x634e4 (size before relaxing)
 .debug_str     0x00065606      0xd95 src/OV7670_control.o
                              0x63a52 (size before relaxing)
 .debug_str     0x0006639b       0xa7 src/lcd_fonts.o
                              0x62875 (size before relaxing)
 .debug_str     0x00066442      0x37b src/lcd_ili9341.o
                              0x63446 (size before relaxing)
 .debug_str     0x000667bd       0x90 src/lcd_spi.o
                              0x62b25 (size before relaxing)
 .debug_str     0x0006684d       0xea src/main.o
                              0x63221 (size before relaxing)
 .debug_str     0x00066937       0x77 src/system_control.o
                              0x63184 (size before relaxing)
 .debug_str     0x000669ae       0xe6 src/system_stm32f4xx.o
                              0x62a4d (size before relaxing)

.comment        0x00000000       0x6e
 .comment       0x00000000       0x6e StdPeriph_Driver/src/misc.o
                                 0x6f (size before relaxing)
 .comment       0x0000006e       0x6f StdPeriph_Driver/src/stm32f4xx_dcmi.o
 .comment       0x0000006e       0x6f StdPeriph_Driver/src/stm32f4xx_dma.o
 .comment       0x0000006e       0x6f StdPeriph_Driver/src/stm32f4xx_gpio.o
 .comment       0x0000006e       0x6f StdPeriph_Driver/src/stm32f4xx_i2c.o
 .comment       0x0000006e       0x6f StdPeriph_Driver/src/stm32f4xx_rcc.o
 .comment       0x0000006e       0x6f StdPeriph_Driver/src/stm32f4xx_spi.o
 .comment       0x0000006e       0x6f StdPeriph_Driver/src/stm32f4xx_tim.o
 .comment       0x0000006e       0x6f src/OV7670_control.o
 .comment       0x0000006e       0x6f src/lcd_fonts.o
 .comment       0x0000006e       0x6f src/lcd_ili9341.o
 .comment       0x0000006e       0x6f src/lcd_spi.o
 .comment       0x0000006e       0x6f src/main.o
 .comment       0x0000006e       0x6f src/system_control.o
 .comment       0x0000006e       0x6f src/system_stm32f4xx.o

.debug_frame    0x00000000     0x301c
 .debug_frame   0x00000000       0xd8 StdPeriph_Driver/src/misc.o
 .debug_frame   0x000000d8      0x258 StdPeriph_Driver/src/stm32f4xx_dcmi.o
 .debug_frame   0x00000330      0x308 StdPeriph_Driver/src/stm32f4xx_dma.o
 .debug_frame   0x00000638      0x23c StdPeriph_Driver/src/stm32f4xx_gpio.o
 .debug_frame   0x00000874      0x580 StdPeriph_Driver/src/stm32f4xx_i2c.o
 .debug_frame   0x00000df4      0x814 StdPeriph_Driver/src/stm32f4xx_rcc.o
 .debug_frame   0x00001608      0x3f4 StdPeriph_Driver/src/stm32f4xx_spi.o
 .debug_frame   0x000019fc      0xe54 StdPeriph_Driver/src/stm32f4xx_tim.o
 .debug_frame   0x00002850       0xf0 src/OV7670_control.o
 .debug_frame   0x00002940      0x300 src/lcd_ili9341.o
 .debug_frame   0x00002c40       0xf0 src/lcd_spi.o
 .debug_frame   0x00002d30       0x8c src/main.o
 .debug_frame   0x00002dbc       0xe0 src/system_control.o
 .debug_frame   0x00002e9c       0x7c src/system_stm32f4xx.o
 .debug_frame   0x00002f18       0x2c c:/ac6/systemworkbench/plugins/fr.ac6.mcu.externaltools.arm-none.win32_1.13.3.201707031232/tools/compiler/bin/../lib/gcc/arm-none-eabi/5.4.1/../../../../arm-none-eabi/lib/armv7e-m/fpu\libc.a(lib_a-init.o)
 .debug_frame   0x00002f44       0x50 c:/ac6/systemworkbench/plugins/fr.ac6.mcu.externaltools.arm-none.win32_1.13.3.201707031232/tools/compiler/bin/../lib/gcc/arm-none-eabi/5.4.1/../../../../arm-none-eabi/lib/armv7e-m/fpu\libc.a(lib_a-__call_atexit.o)
 .debug_frame   0x00002f94       0x20 c:/ac6/systemworkbench/plugins/fr.ac6.mcu.externaltools.arm-none.win32_1.13.3.201707031232/tools/compiler/bin/../lib/gcc/arm-none-eabi/5.4.1/../../../../arm-none-eabi/lib/armv7e-m/fpu\libc.a(lib_a-atexit.o)
 .debug_frame   0x00002fb4       0x34 c:/ac6/systemworkbench/plugins/fr.ac6.mcu.externaltools.arm-none.win32_1.13.3.201707031232/tools/compiler/bin/../lib/gcc/arm-none-eabi/5.4.1/../../../../arm-none-eabi/lib/armv7e-m/fpu\libc.a(lib_a-fini.o)
 .debug_frame   0x00002fe8       0x34 c:/ac6/systemworkbench/plugins/fr.ac6.mcu.externaltools.arm-none.win32_1.13.3.201707031232/tools/compiler/bin/../lib/gcc/arm-none-eabi/5.4.1/../../../../arm-none-eabi/lib/armv7e-m/fpu\libc.a(lib_a-__atexit.o)
